
> portfolio@0.1.0 build
> next build

Γû▓ Next.js 16.2.4 (Turbopack)

  Creating an optimized production build ...
node.exe : 
At line:1 char:1
+ & "C:\Program Files\nodejs/node.exe" "C:\Program Files\nodejs/node_mo ...
+ ~~~~~~~~~~~~~~~~~~~~~~~~~~~~~~~~~~~~~~~~~~~~~~~~~~~~~~~~~~~~~~~~~~~~~
    + CategoryInfo          : NotSpecified: (:String) [], RemoteException
    + FullyQualifiedErrorId : NativeCommandError
 
> Build error occurred
Error: Turbopack build failed with 4 errors:
./components/ContactForm.tsx:2:1
Export Github doesn't exist in target module
  [90m1 |[0m [36mimport[0m [33mReact[0m [36mfrom[0m [32m"react"[0m;
[31m[1m>[0m [90m2 |[0m [36mimport[0m { [33mGithub[0m, [33mLinkedin[0m, [33mMail[0m, [33mMapPin[0m } 
[36mfrom[0m [32m"lucide-react"[0m;
  [90m  |[0m [31m[1m^^^^^^^^^^^^^^^^^^^^^^^^^^^^^^^^^^^^^^^^^^^^^^^^^^^^^^^^^^^^^^[0m
  [90m3 |[0m
  [90m4 |[0m [36mconst[0m contactLinks = [
  [90m5 |[0m   {

The export Github was not found in module [project]/node_modules/lucide-react/dist/esm/lucide-react.js [app-client] 
(ecmascript).
Did you mean to import Gift?
All exports of the module are statically known (It doesn't have dynamic exports). So it's known statically that the 
requested export doesn't exist.

Import traces:
  Client Component Browser:
    ./components/ContactForm.tsx [Client Component Browser]
    ./components/Hero.tsx [Client Component Browser]
    ./components/Hero.tsx [Server Component]
    ./app/page.tsx [Server Component]

  Client Component SSR:
    ./components/ContactForm.tsx [Client Component SSR]
    ./components/Hero.tsx [Client Component SSR]
    ./components/Hero.tsx [Server Component]
    ./app/page.tsx [Server Component]


./components/ContactForm.tsx:2:1
Export Github doesn't exist in target module
  [90m1 |[0m [36mimport[0m [33mReact[0m [36mfrom[0m [32m"react"[0m;
[31m[1m>[0m [90m2 |[0m [36mimport[0m { [33mGithub[0m, [33mLinkedin[0m, [33mMail[0m, [33mMapPin[0m } 
[36mfrom[0m [32m"lucide-react"[0m;
  [90m  |[0m [31m[1m^^^^^^^^^^^^^^^^^^^^^^^^^^^^^^^^^^^^^^^^^^^^^^^^^^^^^^^^^^^^^^[0m
  [90m3 |[0m
  [90m4 |[0m [36mconst[0m contactLinks = [
  [90m5 |[0m   {

The export Github was not found in module [project]/node_modules/lucide-react/dist/esm/lucide-react.js [app-ssr] 
(ecmascript).
Did you mean to import Gift?
All exports of the module are statically known (It doesn't have dynamic exports). So it's known statically that the 
requested export doesn't exist.

Import traces:
  Client Component Browser:
    ./components/ContactForm.tsx [Client Component Browser]
    ./components/Hero.tsx [Client Component Browser]
    ./components/Hero.tsx [Server Component]
    ./app/page.tsx [Server Component]

  Client Component SSR:
    ./components/ContactForm.tsx [Client Component SSR]
    ./components/Hero.tsx [Client Component SSR]
    ./components/Hero.tsx [Server Component]
    ./app/page.tsx [Server Component]


./components/ContactForm.tsx:2:1
Export Linkedin doesn't exist in target module
  [90m1 |[0m [36mimport[0m [33mReact[0m [36mfrom[0m [32m"react"[0m;
[31m[1m>[0m [90m2 |[0m [36mimport[0m { [33mGithub[0m, [33mLinkedin[0m, [33mMail[0m, [33mMapPin[0m } 
[36mfrom[0m [32m"lucide-react"[0m;
  [90m  |[0m [31m[1m^^^^^^^^^^^^^^^^^^^^^^^^^^^^^^^^^^^^^^^^^^^^^^^^^^^^^^^^^^^^^^[0m
  [90m3 |[0m
  [90m4 |[0m [36mconst[0m contactLinks = [
  [90m5 |[0m   {

The export Linkedin was not found in module [project]/node_modules/lucide-react/dist/esm/lucide-react.js [app-client] 
(ecmascript).
Did you mean to import Link?
All exports of the module are statically known (It doesn't have dynamic exports). So it's known statically that the 
requested export doesn't exist.

Import traces:
  Client Component Browser:
    ./components/ContactForm.tsx [Client Component Browser]
    ./components/Hero.tsx [Client Component Browser]
    ./components/Hero.tsx [Server Component]
    ./app/page.tsx [Server Component]

  Client Component SSR:
    ./components/ContactForm.tsx [Client Component SSR]
    ./components/Hero.tsx [Client Component SSR]
    ./components/Hero.tsx [Server Component]
    ./app/page.tsx [Server Component]


./components/ContactForm.tsx:2:1
Export Linkedin doesn't exist in target module
  [90m1 |[0m [36mimport[0m [33mReact[0m [36mfrom[0m [32m"react"[0m;
[31m[1m>[0m [90m2 |[0m [36mimport[0m { [33mGithub[0m, [33mLinkedin[0m, [33mMail[0m, [33mMapPin[0m } 
[36mfrom[0m [32m"lucide-react"[0m;
  [90m  |[0m [31m[1m^^^^^^^^^^^^^^^^^^^^^^^^^^^^^^^^^^^^^^^^^^^^^^^^^^^^^^^^^^^^^^[0m
  [90m3 |[0m
  [90m4 |[0m [36mconst[0m contactLinks = [
  [90m5 |[0m   {

The export Linkedin was not found in module [project]/node_modules/lucide-react/dist/esm/lucide-react.js [app-ssr] 
(ecmascript).
Did you mean to import Link?
All exports of the module are statically known (It doesn't have dynamic exports). So it's known statically that the 
requested export doesn't exist.

Import traces:
  Client Component Browser:
    ./components/ContactForm.tsx [Client Component Browser]
    ./components/Hero.tsx [Client Component Browser]
    ./components/Hero.tsx [Server Component]
    ./app/page.tsx [Server Component]

  Client Component SSR:
    ./components/ContactForm.tsx [Client Component SSR]
    ./components/Hero.tsx [Client Component SSR]
    ./components/Hero.tsx [Server Component]
    ./app/page.tsx [Server Component]


    at <unknown> (./components/ContactForm.tsx:2:1)
    at <unknown> (./components/ContactForm.tsx:2:1)
    at <unknown> (./components/ContactForm.tsx:2:1)
    at <unknown> (./components/ContactForm.tsx:2:1)
